
> vite_react_shadcn_ts@0.0.0 build
> vite build

[36mvite v5.4.21 [32mbuilding for production...[36m[39m
transforming...
node.exe : 
[baseline-browser-mapping] The 
data in this module is over 
two months old.  To ensure 
accurate Baseline data, please 
update: `npm i baseline-browser
-mapping@latest -D`
At line:1 char:1
+ & "C:\Program 
Files\nodejs/node.exe" 
"C:\Program 
Files\nodejs/node_mo ...
+ ~~~~~~~~~~~~~~~~~~~~~~~~~~~~~
~~~~~~~~~~~~~~~~~~~~~~~~~~~~~~~
~~~~~~~~~
    + CategoryInfo          :  
   NotSpecified: ([baseline-b  
  rows...ping@latest -D`:Str   
 ing) [], RemoteException
    + FullyQualifiedErrorId :  
   NativeCommandError
 

[1m[33mwarn[39m[22m - The 
class `duration-[10000ms]` is 
ambiguous and matches multiple 
utilities.
[1m[33mwarn[39m[22m - If 
this is content and not a 
class, replace it with 
`duration-&lsqb;10000ms&rsqb;` 
to silence this warning.
[32mΓ£ô[39m 109 modules transformed.
[31mx[39m Build failed in 
2.04s
[31merror during build:
[31m[vite:esbuild] Transform 
failed with 3 errors:
C:/Users/shaba/RoomieAI/src/pag
es/dashboard/DigitalWallet.tsx:
576:8: ERROR: The symbol 
"handleStartEdit" has already 
been declared
C:/Users/shaba/RoomieAI/src/pag
es/dashboard/DigitalWallet.tsx:
581:8: ERROR: The symbol 
"handleCancelEdit" has already 
been declared
C:/Users/shaba/RoomieAI/src/pag
es/dashboard/DigitalWallet.tsx:
586:8: ERROR: The symbol 
"handleSaveAmount" has already 
been declared[31m
file: [36mC:/Users/shaba/Roomi
eAI/src/pages/dashboard/Digital
Wallet.tsx:576:8[31m
[33m
[33mThe symbol 
"handleStartEdit" has already 
been declared[33m
574|  
575|    // --- Edit Amount 
Handlers ---
576|    const handleStartEdit 
= (ledger: any) => {
   |          ^
577|      
setEditingLedgerId(ledger.id);
578|      setEditAmount(ledger.
rent_amount.toString());

[33mThe symbol 
"handleCancelEdit" has already 
been declared[33m
579|    };
580|  
581|    const handleCancelEdit 
= () => {
   |          ^
582|      
setEditingLedgerId(null);
583|      setEditAmount("");

[33mThe symbol 
"handleSaveAmount" has already 
been declared[33m
584|    };
585|  
586|    const handleSaveAmount 
= async (ledgerId: string) => {
   |          ^
587|      if (!editAmount || 
isNaN(parseFloat(editAmount))) 
{
588|        
toast.error("Please enter a 
valid amount");
[31m
    at failureErrorWithLog (C:\
Users\shaba\RoomieAI\node_modul
es\vite\node_modules\esbuild\li
b\main.js:1472:15)
    at C:\Users\shaba\RoomieAI\
node_modules\vite\node_modules\
esbuild\lib\main.js:755:50
    at 
responseCallbacks.<computed> (C
:\Users\shaba\RoomieAI\node_mod
ules\vite\node_modules\esbuild\
lib\main.js:622:9)
    at handleIncomingPacket (C:
\Users\shaba\RoomieAI\node_modu
les\vite\node_modules\esbuild\l
ib\main.js:677:12)
    at Socket.readFromStdout (C
:\Users\shaba\RoomieAI\node_mod
ules\vite\node_modules\esbuild\
lib\main.js:600:7)
    at Socket.emit 
(node:events:519:28)
    at addChunk (node:internal/
streams/readable:561:12)
    at 
readableAddChunkPushByteMode (n
ode:internal/streams/readable:5
12:3)
    at Readable.push (node:inte
rnal/streams/readable:392:5)
    at Pipe.onStreamRead (node:
internal/stream_base_commons:18
9:23)[39m
